%!Adobe-FontList 1.19
%Locale:0x409

%BeginFont
Handler:DirectoryHandler
FontType:Type1
FontName:Flama-Book
FamilyName:Flama
StyleName:Book
MenuName:Flama Book
StyleBits:0
WeightClass:550
WidthClass:5
AngleClass:0
FullName:Flama-Book
WritingScript:Roman
OutlineFileName:\FlamaBook.otf
DataFormat:sfntData
UsesStandardEncoding:yes
isCFF:yes
hasSVG:no
VariableFontType:NonVariableFont
FileLength:44980
FileModTime:1271265520
NameArray:0,Mac,4,Flama-Book
NameArray:0,Win,1,Flama Book
NameArray:0,Win,16,Flama
%EndFont

%BeginFont
Handler:DirectoryHandler
FontType:Type1
FontName:FlamaCondensed-Black
FamilyName:Flama Condensed
StyleName:Black
MenuName:Flama Condensed Black
StyleBits:0
WeightClass:850
WidthClass:5
AngleClass:0
FullName:FlamaCondensed-Black
WritingScript:Roman
OutlineFileName:\FlamaCondBlack.otf
DataFormat:sfntData
UsesStandardEncoding:yes
isCFF:yes
hasSVG:no
VariableFontType:NonVariableFont
FileLength:45412
FileModTime:1266069460
NameArray:0,Mac,4,FlamaCondensed-Black
NameArray:0,Win,1,Flama Condensed Black
NameArray:0,Win,16,Flama Condensed
%EndFont

%BeginFont
Handler:DirectoryHandler
FontType:Type1
FontName:FlamaCondensed-Light
FamilyName:Flama Condensed
StyleName:Light
MenuName:Flama Condensed Light
StyleBits:0
WeightClass:500
WidthClass:5
AngleClass:0
FullName:FlamaCondensed-Light
WritingScript:Roman
OutlineFileName:\FlamaCondLight.otf
DataFormat:sfntData
UsesStandardEncoding:yes
isCFF:yes
hasSVG:no
VariableFontType:NonVariableFont
FileLength:46780
FileModTime:1266094682
NameArray:0,Mac,4,FlamaCondensed-Light
NameArray:0,Win,1,Flama Condensed Light
NameArray:0,Win,16,Flama Condensed
%EndFont

%BeginFont
Handler:DirectoryHandler
FontType:Type1
FontName:Flama-Medium
FamilyName:Flama
StyleName:Medium
MenuName:Flama Medium
StyleBits:0
WeightClass:650
WidthClass:5
AngleClass:0
FullName:Flama-Medium
WritingScript:Roman
OutlineFileName:\FlamaMedium.otf
DataFormat:sfntData
UsesStandardEncoding:yes
isCFF:yes
hasSVG:no
VariableFontType:NonVariableFont
FileLength:43088
FileModTime:1271340930
NameArray:0,Mac,4,Flama-Medium
NameArray:0,Win,1,Flama Medium
NameArray:0,Win,16,Flama
%EndFont

